// Jest Snapshot v1, https://goo.gl/fbAQLP

exports[`Backdrop renders correctly 1`] = `
<div
  className="backdrop"
/>
`;
