// Jest Snapshot v1, https://goo.gl/fbAQLP

exports[`ToggleButton renders correctly 1`] = `
<button
  className="toggle-button"
>
  <div
    className="toggle-button__line"
  />
  <div
    className="toggle-button__line"
  />
  <div
    className="toggle-button__line"
  />
</button>
`;
